[meltano.com/index.html]
[backblue.gif]
[fade.gif]
[index.html]
[meltano.com/static/8901a4109c48c87887195995aad1914a/Open-Graph-Image-1024x538-1.png]
[meltano.com/static/PlusJakartaSans-ExtraBoldItalic-2d950df18564bfaa67f442b2ca10b6ba.woff2]
[meltano.com/static/PlusJakartaSans-ExtraBoldItalic-4b09e1184162a8f941068a6ac9f581c2.woff]
[meltano.com/static/PlusJakartaSans-ExtraBold-8185eacadc1c5802f9f79e03865172e1.woff2]
[meltano.com/static/PlusJakartaSans-ExtraBold-d97a837d6506ff6a4313eb8dd27d0e3d.woff]
[meltano.com/static/PlusJakartaSans-MediumItalic-f21de22b4fc7c6e38dd862412728f71e.woff2]
[meltano.com/static/PlusJakartaSans-MediumItalic-bd0df145bdd0f3d1fd57f8d641d14ebe.woff]
[meltano.com/static/PlusJakartaSans-BoldItalic-037a04a084af93e454065da2cff2d9ce.woff2]
[meltano.com/static/PlusJakartaSans-BoldItalic-23a71b3ff98220d45c19fd8400298336.woff]
[meltano.com/static/PlusJakartaSans-SemiBoldItalic-b0ed753c76da817818b44b9576bf3238.woff2]
[meltano.com/static/PlusJakartaSans-SemiBoldItalic-13f3c40023ec51dab9e06d2a94baaac8.woff]
[meltano.com/static/PlusJakartaSans-Regular-f07740e18e6f04dafac7336b4582e1a5.woff2]
[meltano.com/static/PlusJakartaSans-Regular-57b2a627fa8ac4cb42ef8ca9381bfe32.woff]
[meltano.com/static/PlusJakartaSans-Bold-48422154fd87a563cebd17222ca742f9.woff2]
[meltano.com/static/PlusJakartaSans-Bold-9dc485e771c99b5751f22c340db32c3a.woff]
[meltano.com/static/PlusJakartaSans-Italic-5f4230404c84e3e6d40b4936425210ba.woff2]
[meltano.com/static/PlusJakartaSans-Italic-8f433fbb186f329603ce40889634bbf5.woff]
[meltano.com/static/PlusJakartaSans-Medium-5c076e4f76093f8b8b83d87f899add03.woff2]
[meltano.com/static/PlusJakartaSans-Medium-7f17daf42b2325b154698ac9f7055944.woff]
[meltano.com/static/PlusJakartaSans-SemiBold-c1860aefce8dc2f844604d8693c5caa1.woff2]
[meltano.com/static/PlusJakartaSans-SemiBold-b7753ffb656471b2ed5930fdbc14654b.woff]
[meltano.com/static/IBMPlexMono-Regular-496d03aec4e3013bb76bddbb7e7c0b69.woff2]
[meltano.com/static/IBMPlexMono-Regular-2ad235c0c946efe337f979912638bf26.woff]
[meltano.com/static/IBMPlexMono-MediumItalic-d004b87dcf8195aa8b73bc959df36009.woff2]
[meltano.com/static/IBMPlexMono-MediumItalic-acfed1925ebfd968f1482d9a52d05075.woff]
[meltano.com/static/IBMPlexMono-BoldItalic-a904b75df6200a76614d0284b188227b.woff2]
[meltano.com/static/IBMPlexMono-BoldItalic-c15809d686615c3ee10db1eba2259c18.woff]
[meltano.com/static/IBMPlexMono-Bold-236b4198a5a0ea967c83529796f65c4c.woff2]
[meltano.com/static/IBMPlexMono-Bold-a38fbcb5037d062205b3ed50ddb8299b.woff]
[meltano.com/static/IBMPlexMono-Medium-730d59456608d8831d82507861764830.woff2]
[meltano.com/static/IBMPlexMono-Italic-6f23b8c98882c2bb542db3c8ce2eec17.woff2]
[meltano.com/static/IBMPlexMono-Medium-daaa7fb8901531a523ad8298c83106e4.woff]
[meltano.com/static/IBMPlexMono-Italic-2f5969207bf786a647e2ff7ef51cae66.woff]
[meltano.com/static/IBMPlexMono-SemiBold-50c8b4e3008c9211625357136f246549.woff2]
[meltano.com/static/IBMPlexMono-SemiBold-f5e9360e2fb6001fb0060f483fdd2d7c.woff]
[meltano.com/static/IBMPlexMono-SemiBoldItalic-823a749232f5553b75bded8823baf449.woff2]
[meltano.com/static/IBMPlexMono-SemiBoldItalic-8524feef4eda8dfb5e3a658b6f09b9fe.woff]
[meltano.com/static/HankenGrotesk-MediumItalic-65206ef5dd0e77db26e5efa6912ee127.woff2]
[meltano.com/static/HankenGrotesk-MediumItalic-d1a7dcd8b54e743bec848d086ae57eee.woff]
[meltano.com/static/HankenGrotesk-SemiBold-de0a6f026c33c9fda6cebb34cf8418bc.woff2]
[meltano.com/static/HankenGrotesk-SemiBold-a05481ab82a7efce8e3587190813aa7d.woff]
[meltano.com/static/HankenGrotesk-Medium-0b4a18e092c16f9b96324e24fe7930d0.woff2]
[meltano.com/static/HankenGrotesk-Medium-407436e45fabf0dd16d15fc6a2223386.woff]
[meltano.com/static/HankenGrotesk-Black-d488fa54abc4bdb8add09df751d9271e.woff2]
[meltano.com/static/HankenGrotesk-Bold-21fab62d660a3131a89e2ccf18333400.woff2]
[meltano.com/static/HankenGrotesk-Black-e96d6789aae16af74d7e75e89c5a6a1f.woff]
[meltano.com/static/HankenGrotesk-Bold-d10145b1394620f8c21c4f9468aa4e2d.woff]
[meltano.com/static/HankenGrotesk-SemiBoldItalic-a3d6981cdf885af0a094a70cc6bee757.woff2]
[meltano.com/static/HankenGrotesk-SemiBoldItalic-a02bb17cbdd705cfdf3f55363be8f93f.woff]
[meltano.com/static/HankenGrotesk-ExtraBoldItalic-2278a44423978c5350a0cd1072d86f79.woff2]
[meltano.com/static/HankenGrotesk-ExtraBoldItalic-b4f017d2432fd2207caeeb9dfac2c47e.woff]
[meltano.com/static/HankenGrotesk-BoldItalic-f2f41237e5c9fd6d34d6565a4eb5e5b4.woff2]
[meltano.com/static/HankenGrotesk-BoldItalic-27f2a09b93df4caa6170562970fed810.woff]
[meltano.com/static/HankenGrotesk-Italic-8cd72490e2323902b20950612f656ac4.woff2]
[meltano.com/static/HankenGrotesk-Italic-59135863bae90ce192ec5dec229b0244.woff]
[meltano.com/static/HankenGrotesk-Regular-b82f6789c9de171ca61c0edeca720082.woff2]
[meltano.com/static/HankenGrotesk-Regular-b86f4a87ebb62ece5392aff69a4d08a9.woff]
[meltano.com/static/HankenGrotesk-LightItalic-b02f27492370a03322fcf596c6f4ef83.woff2]
[meltano.com/static/HankenGrotesk-LightItalic-9a1b26069ecbf187935d8942125db508.woff]
[meltano.com/static/HankenGrotesk-ExtraBold-2b3d8bbe18e2cb03eaf576f104beda14.woff2]
[meltano.com/static/HankenGrotesk-ExtraBold-5615a540f88c76f5e72dcc2a1e5e86b3.woff]
[meltano.com/favicon-32x322be7.png]
[meltano.com/manifest.webmanifest]
[meltano.com/icons/icon-48x482be7.png]
[meltano.com/icons/icon-72x722be7.png]
[meltano.com/icons/icon-96x962be7.png]
[meltano.com/icons/icon-144x1442be7.png]
[meltano.com/icons/icon-192x1922be7.png]
[meltano.com/icons/icon-256x2562be7.png]
[meltano.com/icons/icon-384x3842be7.png]
[meltano.com/icons/icon-512x5122be7.png]
[js.hs-scripts.com/20712484.js]
[meltano.com/product/index.html]
[meltano.com/pricing/index.html]
[meltano.com/community/index.html]
[meltano.com/blog/index.html]
[meltano.com/static/70fc5e452d36ab07dffc5c72bdd858e5/89edc/clouds-1.webp]
[meltano.com/static/fbcaf91991042a319cc8ef3a4fd73f87/18ecc/clouds-2.webp]
[meltano.com/partners/index.html]
[meltano.com/static/889cd3ed174afef0607681f580d1f8d3/3d45c/hero-castle.webp]
[meltano.com/static/26a9a6c5bdb49e0f85832c45e46551dd/a7fde/hero-waterfall.webp]
[meltano.com/static/9a0f2f0bbaee674335618e43b298c188/1-saas-api.svg]
[meltano.com/static/85c201f85457a189f44cda8910cdaffd/2-database.svg]
[meltano.com/static/meltano-terminal-55701d6657bab36992ea1530a088acc3.svg]
[meltano.com/static/melty-programming-96284daa02fe98bff42e00e107910605.webp]
[meltano.com/static/d9f1997f710fedd7da77b61c7781293c/5-database.svg]
[meltano.com/static/8420220dbb6d47bf6003ed3919ae199b/6-vector-db.svg]
[meltano.com/static/fbd566988e7d4ef6399ab81af5f813ab/7-data-warehouse.svg]
[meltano.com/static/1da996d5670c5552153ae426f55e7f5a/a7be2/amazon-athena.png]
[meltano.com/static/414a06b95abf1863d08adf5b6457129b/a7be2/amazon-kinesis.png]
[meltano.com/static/0a596fefda2afd871aa506df80ee9ef5/a7be2/amazon-redshift.png]
[meltano.com/static/74e7b192d092f42e57c7d277bca92204/a7be2/apple.png]
[meltano.com/static/a0eccac98bbe21a5f094750301f4100b/a7be2/bamboo.png]
[meltano.com/static/b747f654ff395c3058d670f7926e708d/a7be2/chargebee.png]
[meltano.com/static/405cb5391913b3b66ae97acaca74b60c/a7be2/cloudera.png]
[meltano.com/static/1a7c8765b99315875170a5d271a7e76d/a7be2/confluence.png]
[meltano.com/static/f02c6606e021600d8952c8bd215c0620/a7be2/contentful.png]
[meltano.com/static/dbaa602cff1b6e2172509439f27257e2/a7be2/datadog.png]
[meltano.com/static/94bdc6b04ce792524dca07f0aae6c2a2/a7be2/dbt.png]
[meltano.com/static/e333d91e5b632e150bf1f014a204daac/a7be2/duck-db.png]
[meltano.com/static/8c6288a800e7bf89abf2ae6692bc0e69/a7be2/dynamo-db.png]
[meltano.com/static/1522dc8602479e90d7928399d59d6e18/a7be2/ebay.png]
[meltano.com/static/19e48e45940e917ab6dab2028f510abd/a7be2/facebook.png]
[meltano.com/static/dd503729961fdd2e5535e7c78b8da828/a7be2/freshdesk.png]
[meltano.com/static/c8598768693f4e02d07479a51d895fdb/a7be2/github.png]
[meltano.com/static/5b7df74d6a3389287232f6ff8b46b8b3/a7be2/gmail.png]
[meltano.com/gmail-1.6c.delayed]
[meltano.com/static/0d665b00e5abefe05f5557e7690dcec2/a7be2/gmail-1.png]
[meltano.com/static/dcd3f8c8216af2ede42232ede73f5003/a7be2/gmail-2.png]
[meltano.com/static/a598bfa48c22dfa45ff2082d42e65303/a7be2/gmail-3.png]
[meltano.com/static/c355b83ee4100837f3dc8812bc42db12/a7be2/greenhouse.png]
[meltano.com/static/e9501e5b774205d567ccb3fe75363f25/a7be2/hubspot.png]
[meltano.com/static/fc15c7f51217bd3d4fae91c50baa00e1/a7be2/intercom.png]
[meltano.com/static/38e2a3e06184b1d757e11f92d2e09e57/a7be2/jira.png]
[meltano.com/static/ae79733d80a8ed3a51711c362f434ff8/a7be2/kafka.png]
[meltano.com/static/f47de3578651c313d24f6a7738c62ba9/a7be2/lever.png]
[meltano.com/static/e845fb662a523e11c20a14937d8dbae0/a7be2/linkedin.png]
[meltano.com/static/caf413937fe5ddcd7f55e105c5ff4663/a7be2/mailchimp.png]
[meltano.com/static/d381fe043eb35f854a6af0f0eb1784c9/a7be2/marketo.png]
[meltano.com/static/d2c9938414335857f1a574a681cb0440/a7be2/microsoft-azure.png]
[meltano.com/static/eeafafe84b8c41f57e037d3d4a1afe91/a7be2/mixpanel.png]
[meltano.com/static/3a0dcd0a587e2e9db989d146239a4821/a7be2/mixpanel-1.png]
[meltano.com/static/2736032f2cd4b373afbe9813259604e7/a7be2/ms-sql.png]
[meltano.com/static/08662c2e78cbdadcb6638c041bbbe820/a7be2/ms-sql-1.png]
[meltano.com/static/02710dc0b1eb527b12fdf49e682796e8/a7be2/oracle.png]
[meltano.com/static/77b1ec908daf051a2f08cca2bd0d3912/a7be2/salesforce.png]
[meltano.com/static/f75dbddcd22a9d69d09b395880ce0152/a7be2/s3.png]
[meltano.com/static/8bac3aa6a29dcd2006ec046614a81901/a7be2/segment.png]
[meltano.com/static/20d841abc24be117b2124bc55425adb1/a7be2/shopify.png]
[meltano.com/static/6a607f082e68cde477eb81ad9065d77c/a7be2/snowflake.png]
[meltano.com/static/f67228a7ac74314844ca86c78695102a/a7be2/stitch.png]
[meltano.com/static/c24e15bd89365d27a883e223970c1f00/a7be2/survey-monkey.png]
[meltano.com/static/1ec0477cb85fb49a851a9fc8958fe9f8/a7be2/workday.png]
[meltano.com/static/4cd13f19dcd0014d2d8dda8690898b52/a7be2/xero.png]
[meltano.com/static/aa60350d58bdd75388f8ec6e164c0782/a7be2/zendesk-talk.png]
[meltano.com/static/c5effbfc953782d803c3c859baf2d467/a7be2/zoom.png]
[meltano.com/static/21770d18c2ed89c73eb90e4de0b352a9/a7be2/zuora.png]
[meltano.com/static/773ad543ede1b9686ca334c5c993a4d6/a7be2/airtable.png]
[meltano.com/static/712da4e142864633342718f3de8e6be0/a7be2/airtable-2.png]
[meltano.com/static/239bbefc47af2e37dfc113f8c559e244/a7be2/asana.png]
[meltano.com/static/2bd2b1677ed9ea84656c6be687fade8e/a7be2/canvas.png]
[meltano.com/static/890cf9bc76b274e186fde367985056e8/a7be2/gainsight.png]
[meltano.com/static/a1e4fbd4c28ee3197df54d38850f10dc/a7be2/instagram.png]
[meltano.com/static/e756e5071ed38f9feb09f7041b8e5549/a7be2/iterable.png]
[meltano.com/static/c0fc6e9096d698f4129747a06dc2a2bb/a7be2/outreach.png]
[meltano.com/static/3ae5b2bef4c15e069348e7a86332ede5/a7be2/outreach-1.png]
[meltano.com/static/1525b931f86d828c3e28d1544fcd3d30/a7be2/parquet.png]
[meltano.com/static/9ffec704a8d1428d9d70915c983eb87c/a7be2/paypal.png]
[meltano.com/static/ca7eaa16de3f49fcdf0e9ed406abd2da/a7be2/pinterest.png]
[meltano.com/static/2be8e1aa728dddeabca3c66acfc7ab75/a7be2/pinterest-1.png]
[meltano.com/static/44f188375761f880493ec80ef99f8812/a7be2/postgres.png]
[meltano.com/static/ed0afdc7d0a519be5331f6141ec52660/a7be2/quickbooks.png]
[meltano.com/static/5380f1aba34ff181cc15bbb2e92ea4b5/a7be2/tiktok.png]
[meltano.com/static/15dff5cd027b415db91c0e822a557c81/a7be2/twitter.png]
[meltano.com/static/1e0b9310387e862af93c9bc3783105c7/a7be2/typeform.png]
[meltano.com/static/616b58bc538719081a74b31370626103/a7be2/zenefits.png]
[meltano.com/static/8ec06437e59ffc99f9a9ae6da1df21c8/a7be2/redis.png]
[meltano.com/static/79f6e66f47b35db1f596d3a346a1ef1e/a7be2/liveperson.png]
[meltano.com/static/e664bcd4d8d256cdaa514be70a58a753/a7be2/bigquery.png]
[meltano.com/static/f005c37183b1a4365239e945cc546b43/shield-icon.svg]
[meltano.com/static/507682011da6dbfdc934ac5de75ea815/gear-icon.svg]
[meltano.com/static/2f27c2f6654e626c5ab60ab633654923/move-icon.svg]
[meltano.com/static/6a874ceb83b2496d4b93602d0cd0c301/code-icon.svg]
[meltano.com/static/3856850a23fd2972ecc692d99b49e444/community-sl.svg]
[meltano.com/static/93e57b0fe1a37a59d40acd152072388c/360d3/meltano-crew.png]
[meltano.com/static/8c74204fd65bdcfa624b63593fa76629/community-gh.svg]
[meltano.com/static/f497f003f23d05e749d356625f108c35/360d3/browser.png]
[meltano.com/static/900462bb4abaefbb37cec7ddff61887b/f8c42/Announcing-Arch.png]
[meltano.com/static/6ca3e81bdeb094b95fbcfda1a9d1604c/40b75/DALL·E-2023-12-12-13.41.19-An-image-depicting-the-concept-of-productizing-services-in-data-consultancy.-It-features-a-diverse-group-of-data-consultants-male-and-female]
[meltano.com/blog/data-consultants-are-you-already-productizing-your-services/index.html]
[meltano.com/blog/were-bringing-powerful-data-engineering-capabilities-to-software-teams-with-arch/index.html]
[meltano.com/static/12ae22194df91bd635ee948d33edcd45/fa1a9/Blog-Post-ELT-101-4.png]
[meltano.com/static/footer-93ac93370889af925db6adeb51d3a57a.svg]
[meltano.com/blog/meltastic-by-meltano-september-2023-edition/index.html]
[meltano.com/static/d44954415bc120833825a9c903322b54/6de33/footer-light-bg.webp]
[meltano.com/webpack-runtime-bf511bd9b4b68ae5e355.js]
[meltano.com/framework-c4126efd8a18a51a0e6a.js]
[meltano.com/index.html]
[www.googletagmanager.com/gtm5445.html]
[meltano.com/app-8f8ec4c5ffb81297ec6e.js]
[meltano.com/static/ogimg-e2f647283fdcb5dd2075ac2deda4c79f.png]
[meltano.com/assets/img/simple-arrow-right.ba.delayed]
[meltano.com/static/32daed1cafb637cdff1b7c31a20bef4e/tab3-2.svg]
[meltano.com/static/07ebafd19a63a26937677984acbf0dd4/tab3-3.svg]
[meltano.com/static/b19a409faa53ef23354e387d71495ed4/tab3-4.svg]
[meltano.com/static/adb8266f007182b72efb2fcf63b9b952/tab2-5.svg]
[meltano.com/product/index.html]
[meltano.com/static/33eddd7ae1e3f0792ca362b888a92a06/tab3-1-1.svg]
[meltano.com/static/e66d981ff8632eca49cd4fa27ce7ecef/Meltyhead1.png]
[meltano.com/static/a79bb6a052387147799181cf18d2ddb7/Cloud1.png]
[meltano.com/static/5925aef9c2544a8f571bac0361d6a5ed/pricing-manage-connectors.png]
[meltano.com/pricing/index.html]
[meltano.com/contact/index.html]
[meltano.com/static/1225ffbc9c6947d2e98ef127270c8d05/2bd58/community-wide.png]
[meltano.com/static/community-castle-f4e0a1b213100c30cd09bc903c56f542.svg]
[meltano.com/static/8de3c62b3d8c266b362ad9b37aa559fc/sl-colorful.svg]
[meltano.com/static/902f377999e5e1df3d824bbe8716fe40/gh-colorful.svg]
[meltano.com/community/index.html]
[meltano.com/static/057fafe1c65b52b45359350ccbe35af9/office-hours.svg]
[meltano.com/static/6ca3e81bdeb094b95fbcfda1a9d1604c/DALL·E-2023-12-12-13.41.19-An-image-depicting-the-concept-of-productizing-services-in-data-consultancy.-It-features-a-diverse-group-of-data-consultants-male-and-female-diffe]
[meltano.com/static/6b3e9a8cf9f8b8d4ceb253a6a4c5639e/fa1a9/Blog-Post-ELT-101-6.png]
[meltano.com/blog/soc-2-for-meltano-cloud/index.html]
[meltano.com/static/4bb3a76d740990928797961bee26ad9a/a6ab1/al-elmes-ULHxWq8reao-unsplash-scaled.d6.delayed]
[meltano.com/blog/happy-it-professionals-day-why-software-developers-rule/index.html]
[meltano.com/static/84dabad58f00d7b3851e5c40e12b24f6/fa1a9/Blog-Post-ELT-101-5.png]
[meltano.com/static/2aa5db0e5e2e39c63377f80b2e2d3991/fa1a9/Blog-Post-ELT-101-2.png]
[meltano.com/blog/meltano-3-0/index.html]
[meltano.com/blog/llm-apps-are-mostly-data-pipelines/index.html]
[meltano.com/blog/meltastic-by-meltano-august-2023-edition/index.html]
[meltano.com/static/6702d27c6cd638c750393798911d671a/c3419/opengraph-light-july-2023-1.png]
[meltano.com/static/53da60f7f1936bbe2b6b89797f645848/e3cc6/pasted-image-0.png]
[meltano.com/blog/index.html]
[meltano.com/blog/meltastic-by-meltano-july-2023-edition/index.html]
[meltano.com/blog/a-meltano-powered-tidbyt-server/index.html]
[meltano.com/static/9f0dba64c35c40a24003a41faf6af6d5/76ab4/melty-flying.webp]
[meltano.com/static/97c70148925646dcd892164cef1b446f/ed2c0/amend.png]
[meltano.com/static/f64fe33625fa6dba00dad87468b235e4/d537f/analytics8-logo.png]
[meltano.com/static/1e96c61d619643f89da4ea95095c486d/ed2c0/auto-idm.png]
[meltano.com/static/b728b416106d06202411b5d9c398e462/ed2c0/btelligent.png]
[meltano.com/static/a8b70df748194d0b105caa369faa9975/ed2c0/brooklyn-data.png]
[meltano.com/static/bb73b0ba45a5e557f7d43874b4000d5d/ed2c0/bytecode.png]
[meltano.com/static/f0c1a9a93a6bd2781b86c11e42889229/ed2c0/commencis.png]
[meltano.com/static/ce4b8214bb850d394137eef55fb8bf24/ed2c0/datateer.png]
[meltano.com/static/764e786b10c929bf5645b1e4cb9c5c3d/ed2c0/erea.png]
[meltano.com/static/80539c3def4ee999b6076eb2474b8e21/d537f/matatika-logo.png]
[meltano.com/static/5327f2655d0cf6059a48debcc9f13dce/ed2c0/mighty.digital.png]
[meltano.com/static/e69fcee6735963f987913224cb4c5292/cf164/mighty.digital-300x165-1.png]
[meltano.com/static/b5583349c879fc6b8205e423e9970cd0/ed2c0/quantile.png]
[meltano.com/static/344e23504d42f32f7992030a301f1d68/ed2c0/ryan-miranda.png]
[meltano.com/static/ba4b95ac47a355f90ebafc0df3a5ed0f/ed2c0/scalefree.png]
[meltano.com/static/cbf487cc89aecd519d9b564a69582651/ed2c0/slalom.png]
[meltano.com/static/081447bced0b43c4b76957aae523b608/ed2c0/substring.png]
[meltano.com/static/07ee401d79252fb1135f5caea542fca6/ed2c0/wheelhouse.png]
[meltano.com/static/7e95f3a55d626209c71ba90f86caba19/28ffc/image-separator-castle.webp]
[meltano.com/static/6b8275222ed1f0926f0c187119b15308/940b6/join-our-community-bg.webp]
[meltano.com/partners/index.html]
[meltano.com/static/9a0f2f0bbaee674335618e43b298c188/1-saas-api.svg]
[meltano.com/static/85c201f85457a189f44cda8910cdaffd/2-database.svg]
[meltano.com/static/9247494aba88fe24b30377abf761d096/3-file.svg]
[meltano.com/static/meltano-terminal-55701d6657bab36992ea1530a088acc3.svg]
[meltano.com/static/d9f1997f710fedd7da77b61c7781293c/5-database.svg]
[meltano.com/static/8420220dbb6d47bf6003ed3919ae199b/6-vector-db.svg]
[meltano.com/static/fbd566988e7d4ef6399ab81af5f813ab/7-data-warehouse.svg]
[meltano.com/static/06366a0a6dfba1bcc46aeb492ac6038f/8-data-lake.svg]
[meltano.com/gmail-1.html]
[meltano.com/static/f005c37183b1a4365239e945cc546b43/shield-icon.svg]
[meltano.com/static/507682011da6dbfdc934ac5de75ea815/gear-icon.svg]
[meltano.com/static/2f27c2f6654e626c5ab60ab633654923/move-icon.svg]
[meltano.com/static/6a874ceb83b2496d4b93602d0cd0c301/code-icon.svg]
[meltano.com/static/3856850a23fd2972ecc692d99b49e444/community-sl.svg]
[meltano.com/static/8c74204fd65bdcfa624b63593fa76629/community-gh.svg]
[meltano.com/blog/data-consultants-are-you-already-productizing-your-services/index.html]
[meltano.com/static/900462bb4abaefbb37cec7ddff61887b/Announcing-Arch.png]
[meltano.com/blog/were-bringing-powerful-data-engineering-capabilities-to-software-teams-with-arch/index.html]
[meltano.com/static/12ae22194df91bd635ee948d33edcd45/Blog-Post-ELT-101-4.png]
[meltanogatsby.wpengine.com/wp-content/uploads/2023/04/meltano_avatar-96x96.png]
[meltano.com/blog/meltastic-by-meltano-september-2023-edition/index.html]
[meltano.com/static/footer-93ac93370889af925db6adeb51d3a57a.svg]
[meltano.com/terms-of-service/index.html]
[meltano.com/privacy-policy/index.html]
[meltano.com/assets/img/simple-arrow-right.html]
[meltano.com/static/32daed1cafb637cdff1b7c31a20bef4e/tab3-2.svg]
[meltano.com/static/07ebafd19a63a26937677984acbf0dd4/tab3-3.svg]
[meltano.com/static/b19a409faa53ef23354e387d71495ed4/tab3-4.svg]
[meltano.com/static/adb8266f007182b72efb2fcf63b9b952/tab2-5.svg]
[meltano.com/static/33eddd7ae1e3f0792ca362b888a92a06/tab3-1-1.svg]
[meltano.com/blog/soc-2-for-meltano-cloud/index5bfc.html]
[meltano.com/static/b5b8524984141c7aec8a6abd919ffe34/NicePng_white-menu-icon-png_3794777.png]
[meltano.com/blog/meltano-3-0/index5bfc.html]
[meltano.com/lp/unified/indexc58e.html]
[meltano.com/static/bb28538f6a871c7a7ba2f40dc1856380/sl-icon-white.svg]
[meltano.com/contact/index.html]
[meltano.com/static/community-castle-f4e0a1b213100c30cd09bc903c56f542.svg]
[meltano.com/static/8de3c62b3d8c266b362ad9b37aa559fc/sl-colorful.svg]
[meltano.com/static/902f377999e5e1df3d824bbe8716fe40/gh-colorful.svg]
[meltano.com/static/057fafe1c65b52b45359350ccbe35af9/office-hours.svg]
[meltano.com/static/953060a1f655af9b771b84c9b3eac5e5/gh-icon-white.svg]
[meltano.com/static/6b3e9a8cf9f8b8d4ceb253a6a4c5639e/Blog-Post-ELT-101-6.png]
[meltano.com/blog/soc-2-for-meltano-cloud/index.html]
[meltano.com/static/4bb3a76d740990928797961bee26ad9a/al-elmes-ULHxWq8reao-unsplash-scaled.jpg]
[meltanogatsby.wpengine.com/wp-content/uploads/2023/04/sven_avatar-96x96.png]
[meltano.com/blog/happy-it-professionals-day-why-software-developers-rule/index.html]
[meltano.com/static/84dabad58f00d7b3851e5c40e12b24f6/Blog-Post-ELT-101-5.png]
[meltano.com/blog/meltano-3-0/index.html]
[meltano.com/blog/meltastic-by-meltano-august-2023-edition/index.html]
[meltano.com/blog/llm-apps-are-mostly-data-pipelines/index7fdf.html]
[meltano.com/static/2aa5db0e5e2e39c63377f80b2e2d3991/Blog-Post-ELT-101-2.png]
[meltano.com/blog/llm-apps-are-mostly-data-pipelines/index.html]
[meltano.com/static/6702d27c6cd638c750393798911d671a/opengraph-light-july-2023-1.png]
[meltano.com/blog/meltastic-by-meltano-july-2023-edition/index.html]
[meltano.com/blog/a-meltano-powered-tidbyt-server/index9aaa.html]
[meltano.com/static/53da60f7f1936bbe2b6b89797f645848/pasted-image-0.png]
[meltano.com/blog/a-meltano-powered-tidbyt-server/index.html]
[meltano.com/blog/how-to-make-your-data-ingestion-simple-fast-and-robust/index9aaa.html]
[meltano.com/_gatsby/file/6640a1d4f6365fba05aaed6a8f0ee281/unified_demo_v3587e.mp4]
[meltano.com/lp/unified/indexc58e.html]
[meltano.com/blog/soc-2-for-meltano-cloud/index5bfc.html]
[meltano.com/blog/meltano-3-0/index5bfc.html]
[meltano.com/static/bb28538f6a871c7a7ba2f40dc1856380/sl-icon-white.svg]
[meltano.com/static/953060a1f655af9b771b84c9b3eac5e5/gh-icon-white.svg]
[meltano.com/blog/llm-apps-are-mostly-data-pipelines/index7fdf.html]
[meltano.com/blog/a-meltano-powered-tidbyt-server/index9aaa.html]
[meltano.com/lp/unified/index.html]
[meltano.com/static/9ebb9de06cfb5f9dd644f728efc98184/Reddit-Ads-2023-05-1440-×-1080px-19.png]
[meltanogatsby.wpengine.com/wp-content/uploads/2023/07/Reddit-Ads-2023-05-1440-×-1080px-19-1024x768.png]
[meltano.com/_gatsby/image/965aaca174dfe7d33c15cbfea62bab5c/fb324cb7614cc4c5b44d26d1eaac22e1/imageb433.png]
[meltano.com/blog/how-to-make-your-data-ingestion-simple-fast-and-robust/index9aaa.html]
[meltano.com/blog/how-to-make-your-data-ingestion-simple-fast-and-robust/index.html]
[meltano.com/blog/why-our-el-processes-never-break-tested-versioned-and-robust-elt/index.html]
[meltano.com/lp/unified/index.html]
[meltano.com/static/02d525a8c2745ed27a4e6960dfa4555f/Is-this-your-data-pipeline-Its-not-a-Meltano-pipeline.png]
[meltano.com/blog/why-our-el-processes-never-break-tested-versioned-and-robust-elt/index.html]
[meltano.com/blog/how-to-make-your-data-ingestion-simple-fast-and-robust/index.html]
